---
source: src/parser.rs
expression: elements
---
[
    Heading(
        Node {
            span: Pos {
                line: 0,
                col: 0,
            }..Pos {
                line: 0,
                col: 7,
            },
            inner: Heading {
                level: 1,
                text: "# Title",
                scope: Pos {
                    line: 0,
                    col: 0,
                }..Pos {
                    line: 0,
                    col: 7,
                },
                children: [],
            },
        },
    ),
]
