---
source: src/parser.rs
expression: elements
---
[
    Heading(
        Node {
            span: Pos {
                line: 2,
                col: 0,
            }..Pos {
                line: 2,
                col: 24,
            },
            inner: Heading {
                level: 1,
                text: "# Some text in heading 1",
                scope: Pos {
                    line: 2,
                    col: 0,
                }..Pos {
                    line: 8,
                    col: 0,
                },
                children: [
                    Heading(
                        Node {
                            span: Pos {
                                line: 4,
                                col: 0,
                            }..Pos {
                                line: 4,
                                col: 27,
                            },
                            inner: Heading {
                                level: 2,
                                text: "## Some text in heading 1-2",
                                scope: Pos {
                                    line: 4,
                                    col: 0,
                                }..Pos {
                                    line: 8,
                                    col: 0,
                                },
                                children: [],
                            },
                        },
                    ),
                ],
            },
        },
    ),
    Heading(
        Node {
            span: Pos {
                line: 8,
                col: 0,
            }..Pos {
                line: 8,
                col: 28,
            },
            inner: Heading {
                level: 1,
                text: "#     Some text in heading 2",
                scope: Pos {
                    line: 8,
                    col: 0,
                }..Pos {
                    line: 30,
                    col: 22,
                },
                children: [
                    Heading(
                        Node {
                            span: Pos {
                                line: 10,
                                col: 0,
                            }..Pos {
                                line: 10,
                                col: 21,
                            },
                            inner: Heading {
                                level: 2,
                                text: "## Heading with links",
                                scope: Pos {
                                    line: 10,
                                    col: 0,
                                }..Pos {
                                    line: 30,
                                    col: 22,
                                },
                                children: [
                                    InternLink(
                                        Node {
                                            span: Pos {
                                                line: 12,
                                                col: 21,
                                            }..Pos {
                                                line: 12,
                                                col: 30,
                                            },
                                            inner: InternLink {
                                                text: "[:noteid]",
                                                note_name: Some(
                                                    noteid,
                                                ),
                                                heading: None,
                                            },
                                        },
                                    ),
                                    InternLink(
                                        Node {
                                            span: Pos {
                                                line: 14,
                                                col: 25,
                                            }..Pos {
                                                line: 14,
                                                col: 53,
                                            },
                                            inner: InternLink {
                                                text: "[:@# Some text in heading 1]",
                                                note_name: None,
                                                heading: Some(
                                                    "# Some text in heading 1",
                                                ),
                                            },
                                        },
                                    ),
                                    InternLink(
                                        Node {
                                            span: Pos {
                                                line: 16,
                                                col: 33,
                                            }..Pos {
                                                line: 16,
                                                col: 59,
                                            },
                                            inner: InternLink {
                                                text: "[:othernote@#Some heading]",
                                                note_name: Some(
                                                    othernote,
                                                ),
                                                heading: Some(
                                                    "#Some heading",
                                                ),
                                            },
                                        },
                                    ),
                                    InternLink(
                                        Node {
                                            span: Pos {
                                                line: 17,
                                                col: 42,
                                            }..Pos {
                                                line: 17,
                                                col: 55,
                                            },
                                            inner: InternLink {
                                                text: "[:othernote@]",
                                                note_name: Some(
                                                    othernote,
                                                ),
                                                heading: None,
                                            },
                                        },
                                    ),
                                    ExternLink(
                                        Node {
                                            span: Pos {
                                                line: 20,
                                                col: 19,
                                            }..Pos {
                                                line: 20,
                                                col: 29,
                                            },
                                            inner: ExternLink {
                                                text: "[foo][bar]",
                                                dest: Some(
                                                    "https://bar.com",
                                                ),
                                                title: None,
                                            },
                                        },
                                    ),
                                    ExternLink(
                                        Node {
                                            span: Pos {
                                                line: 21,
                                                col: 26,
                                            }..Pos {
                                                line: 21,
                                                col: 45,
                                            },
                                            inner: ExternLink {
                                                text: "[foo][non-existent]",
                                                dest: None,
                                                title: None,
                                            },
                                        },
                                    ),
                                    ExternLink(
                                        Node {
                                            span: Pos {
                                                line: 23,
                                                col: 24,
                                            }..Pos {
                                                line: 23,
                                                col: 29,
                                            },
                                            inner: ExternLink {
                                                text: "[bar]",
                                                dest: Some(
                                                    "https://bar.com",
                                                ),
                                                title: None,
                                            },
                                        },
                                    ),
                                    ExternLink(
                                        Node {
                                            span: Pos {
                                                line: 24,
                                                col: 31,
                                            }..Pos {
                                                line: 24,
                                                col: 36,
                                            },
                                            inner: ExternLink {
                                                text: "[foo]",
                                                dest: None,
                                                title: None,
                                            },
                                        },
                                    ),
                                    InternLink(
                                        Node {
                                            span: Pos {
                                                line: 27,
                                                col: 28,
                                            }..Pos {
                                                line: 27,
                                                col: 31,
                                            },
                                            inner: InternLink {
                                                text: "[:]",
                                                note_name: None,
                                                heading: None,
                                            },
                                        },
                                    ),
                                ],
                            },
                        },
                    ),
                ],
            },
        },
    ),
]
